adr init
doc/adr/0001-record-architecture-decisions.md
adr new Test Decision
doc/adr/0002-test-decision.md
if adr ghostwrite chatgpt 9999
then
    echo ERROR: should have failed
fiError: No ADR found with number 9999
