adr init
doc/adr/0001-record-architecture-decisions.md
if adr ghostwrite gemini
then
    echo ERROR: should have failed
fiError: Please specify an ADR file or number.
Usage: adr ghostwrite [provider] <adr-file-or-number>
Supported providers: gemini (default), claude, chatgpt
